// Jest Snapshot v1, https://goo.gl/fbAQLP

exports[`Text Snapshot Testing 1`] = `
<View
  style={
    Object {
      "flex": 1,
      "justifyContent": "center",
    }
  }
>
  <TextInput
    allowFontScaling={true}
    onChangeText={[Function]}
    placeholder="Enter Username"
    rejectResponderTermination={true}
    style={
      Object {
        "backgroundColor": "gray",
        "marginBottom": 15,
      }
    }
    testID="username"
    underlineColorAndroid="transparent"
  />
  <TextInput
    allowFontScaling={true}
    onChangeText={[Function]}
    placeholder="Enter Password"
    rejectResponderTermination={true}
    style={
      Object {
        "backgroundColor": "gray",
        "marginBottom": 15,
      }
    }
    testID="password"
    underlineColorAndroid="transparent"
  />
</View>
`;
